### 04.03.2022 21:18:22
Array
(
)



### 04.03.2022 21:18:37
Array
(
    [title] => Бухи
    [message] => Файл загружен
    [files] => Array
        (
            [0] => 1.html
            [1] => 2.html
        )

)



### 03.05.2024 05:59:15
Array
(
    [title] => Бухи
    [message] => Файл загружен
    [files] => Array
        (
            [0] => 1.html
            [1] => 2.html
        )

)



### 03.05.2024 05:59:36
Array
(
    [title] => Бухи
    [message] => Файл загружен
    [files] => Array
        (
            [0] => 1.html
            [1] => 2.html
        )

)



### 03.05.2024 06:00:17
Array
(
    [title] => Бухи
    [message] => Файл загружен
    [files] => Array
        (
            [0] => 1.html
            [1] => 2.html
        )

)



### 03.05.2024 06:27:46
Array
(
    [title] => Бухи
    [message] => Файл загружен
    [files] => Array
        (
            [0] => 1.html
            [1] => 2.html
        )

)



### 03.05.2024 06:27:46
Array
(
    [title] => Бухи
    [message] => Файл загружен
    [files] => Array
        (
            [0] => 1.html
            [1] => 2.html
        )

)



### 18.05.2025 19:43:17
Array
(
    [title] => Бухи
    [message] => Файл загружен
    [files] => Array
        (
            [0] => 1.html
            [1] => 2.html
        )

)



### 18.05.2025 19:44:46
Array
(
    [title] => Бухи
    [message] => Файл загружен
    [files] => Array
        (
            [0] => 1.html
            [1] => 2.html
        )

)



### 18.05.2025 19:45:14
Array
(
    [title] => Бухи
    [message] => Файл загружен
    [files] => Array
        (
            [0] => 1.html
            [1] => 2.html
        )

)



### 18.05.2025 19:47:35
Array
(
    [title] => Бухи
    [message] => Файл загружен
    [files] => Array
        (
            [0] => 1.html
            [1] => 2.html
        )

)



### 18.05.2025 19:47:40
Array
(
    [title] => Бухи
    [message] => Файл загружен
    [files] => Array
        (
            [0] => 1.html
            [1] => 2.html
        )

)



### 18.05.2025 21:20:57
Array
(
    [title] => Бухи
    [message] => Файл загружен
    [files] => Array
        (
            [0] => 1.html
            [1] => 2.html
        )

)



### 18.05.2025 21:20:59
Array
(
    [title] => Бухи
    [message] => Файл загружен
    [files] => Array
        (
            [0] => 1.html
            [1] => 2.html
        )

)



### 19.05.2025 05:13:26
Array
(
    [title] => Бухи
    [message] => Файл загружен
    [files] => Array
        (
            [0] => 1.html
            [1] => 2.html
        )

)



### 19.05.2025 05:32:05
Array
(
    [title] => Бухи
    [message] => Файл загружен
    [files] => Array
        (
            [0] => 1.html
            [1] => 2.html
        )

)



### 19.05.2025 05:34:42
Array
(
    [title] => Бухи
    [message] => Файл загружен
    [files] => Array
        (
            [0] => 1.html
            [1] => 2.html
        )

)



